#
# There is insufficient memory for the Java Runtime Environment to continue.
# Native memory allocation (malloc) failed to allocate 397952 bytes. Error detail: Chunk::new
# Possible reasons:
#   The system is out of physical RAM or swap space
#   This process is running with CompressedOops enabled, and the Java Heap may be blocking the growth of the native heap
# Possible solutions:
#   Reduce memory load on the system
#   Increase physical memory or swap space
#   Check if swap backing store is full
#   Decrease Java heap size (-Xmx/-Xms)
#   Decrease number of Java threads
#   Decrease Java thread stack sizes (-Xss)
#   Set larger code cache with -XX:ReservedCodeCacheSize=
#   JVM is running with Unscaled Compressed Oops mode in which the Java heap is
#     placed in the first 4GB address space. The Java Heap base address is the
#     maximum limit for the native heap growth. Please use -XX:HeapBaseMinAddress
#     to set the Java Heap base and to place the Java Heap above 4GB virtual address.
# This output file may be truncated or incomplete.
#
#  Out of Memory Error (arena.cpp:168), pid=5704, tid=7080
#
# JRE version: OpenJDK Runtime Environment (21.0.9) (build 21.0.9+-14787801-b1163.94)
# Java VM: OpenJDK 64-Bit Server VM (21.0.9+-14787801-b1163.94, mixed mode, tiered, compressed oops, compressed class ptrs, g1 gc, windows-amd64)
# No core dump will be written. Minidumps are not enabled by default on client versions of Windows
#

---------------  S U M M A R Y ------------

Command Line: --add-opens=java.base/java.lang=ALL-UNNAMED --add-opens=java.base/java.lang.invoke=ALL-UNNAMED --add-opens=java.base/java.util=ALL-UNNAMED --add-opens=java.prefs/java.util.prefs=ALL-UNNAMED --add-exports=jdk.compiler/com.sun.tools.javac.api=ALL-UNNAMED --add-exports=jdk.compiler/com.sun.tools.javac.util=ALL-UNNAMED --add-opens=java.base/java.util=ALL-UNNAMED --add-opens=java.prefs/java.util.prefs=ALL-UNNAMED --add-opens=java.base/java.nio.charset=ALL-UNNAMED --add-opens=java.base/java.net=ALL-UNNAMED --add-opens=java.base/java.util.concurrent=ALL-UNNAMED --add-opens=java.base/java.util.concurrent.atomic=ALL-UNNAMED --add-opens=java.xml/javax.xml.namespace=ALL-UNNAMED --add-opens=java.base/java.time=ALL-UNNAMED -Xmx2048m -Dfile.encoding=UTF-8 -Duser.country=ES -Duser.language=es -Duser.variant -javaagent:C:\Users\joseg\.gradle\wrapper\dists\gradle-9.3.1-bin\23ovyewtku6u96viwx3xl3oks\gradle-9.3.1\lib\agents\gradle-instrumentation-agent-9.3.1.jar org.gradle.launcher.daemon.bootstrap.GradleDaemon 9.3.1

Host: 12th Gen Intel(R) Core(TM) i3-12100F, 8 cores, 15G,  Windows 11 , 64 bit Build 26100 (10.0.26100.8115)
Time: Sun Apr  5 22:39:11 2026 Hora de verano romance elapsed time: 35.850684 seconds (0d 0h 0m 35s)

---------------  T H R E A D  ---------------

Current thread (0x000001ce2abad9e0):  JavaThread "C2 CompilerThread0" daemon [_thread_in_native, id=7080, stack(0x00000076a2600000,0x00000076a2700000) (1024K)]


Current CompileTask:
C2:35850 5166       4       org.gradle.internal.logging.text.AbstractLineChoppingStyledTextOutput::doAppend (43 bytes)

Stack: [0x00000076a2600000,0x00000076a2700000]
Native frames: (J=compiled Java code, j=interpreted, Vv=VM code, C=native code)
V  [jvm.dll+0x6d6c99]
V  [jvm.dll+0x866b83]
V  [jvm.dll+0x8691ae]
V  [jvm.dll+0x869893]
V  [jvm.dll+0x280776]
V  [jvm.dll+0xc07cd]
V  [jvm.dll+0xc0d03]
V  [jvm.dll+0x3b986b]
V  [jvm.dll+0x3856a7]
V  [jvm.dll+0x384b1a]
V  [jvm.dll+0x249462]
V  [jvm.dll+0x248a31]
V  [jvm.dll+0x1c7344]
V  [jvm.dll+0x2581ae]
V  [jvm.dll+0x2566f6]
V  [jvm.dll+0x3f48a6]
V  [jvm.dll+0x80f118]
V  [jvm.dll+0x6d54ed]
C  [ucrtbase.dll+0x37b0]
C  [KERNEL32.DLL+0x2e8d7]
C  [ntdll.dll+0x8c3fc]


---------------  P R O C E S S  ---------------

Threads class SMR info:
_java_thread_list=0x000001ce2ae58bf0, length=49, elements={
0x000001ce1327b210, 0x000001ce2ab93460, 0x000001ce2abb4830, 0x000001ce2abb7e10,
0x000001ce2abc9620, 0x000001ce2abab790, 0x000001ce2abac1f0, 0x000001ce2abacc50,
0x000001ce2abad9e0, 0x000001ce2abb14a0, 0x000001ce2aeadad0, 0x000001ce307ce490,
0x000001ce313f6f60, 0x000001ce30408f00, 0x000001ce2f516c50, 0x000001ce30a0c7c0,
0x000001ce3018ab60, 0x000001ce30189e40, 0x000001ce3018a4d0, 0x000001ce3018b880,
0x000001ce3018b1f0, 0x000001ce3018d2c0, 0x000001ce3018bf10, 0x000001ce3018c5a0,
0x000001ce304bf2a0, 0x000001ce304bdef0, 0x000001ce304bcb40, 0x000001ce304bffc0,
0x000001ce304c0650, 0x000001ce304be580, 0x000001ce304bd1d0, 0x000001ce304c2090,
0x000001ce304c3ad0, 0x000001ce304c4160, 0x000001ce304c3440, 0x000001ce304c1370,
0x000001ce304c1a00, 0x000001ce304c2720, 0x000001ce304c2db0, 0x000001ce2ae87030,
0x000001ce2ae876c0, 0x000001ce2ae88a70, 0x000001ce2ae87d50, 0x000001ce2ae883e0,
0x000001ce2ae89100, 0x000001ce2ae89790, 0x000001ce2ae86310, 0x000001ce303d20c0,
0x000001ce303d2790
}

Java Threads: ( => current thread )
  0x000001ce1327b210 JavaThread "main"                              [_thread_blocked, id=24336, stack(0x00000076a1700000,0x00000076a1800000) (1024K)]
  0x000001ce2ab93460 JavaThread "Common-Cleaner"             daemon [_thread_blocked, id=22392, stack(0x00000076a1f00000,0x00000076a2000000) (1024K)]
  0x000001ce2abb4830 JavaThread "Reference Handler"          daemon [_thread_blocked, id=1828, stack(0x00000076a2000000,0x00000076a2100000) (1024K)]
  0x000001ce2abb7e10 JavaThread "Finalizer"                  daemon [_thread_blocked, id=21312, stack(0x00000076a2100000,0x00000076a2200000) (1024K)]
  0x000001ce2abc9620 JavaThread "Signal Dispatcher"          daemon [_thread_blocked, id=5480, stack(0x00000076a2200000,0x00000076a2300000) (1024K)]
  0x000001ce2abab790 JavaThread "Attach Listener"            daemon [_thread_blocked, id=1984, stack(0x00000076a2300000,0x00000076a2400000) (1024K)]
  0x000001ce2abac1f0 JavaThread "Service Thread"             daemon [_thread_blocked, id=15984, stack(0x00000076a2400000,0x00000076a2500000) (1024K)]
  0x000001ce2abacc50 JavaThread "Monitor Deflation Thread"   daemon [_thread_blocked, id=23172, stack(0x00000076a2500000,0x00000076a2600000) (1024K)]
=>0x000001ce2abad9e0 JavaThread "C2 CompilerThread0"         daemon [_thread_in_native, id=7080, stack(0x00000076a2600000,0x00000076a2700000) (1024K)]
  0x000001ce2abb14a0 JavaThread "C1 CompilerThread0"         daemon [_thread_blocked, id=14416, stack(0x00000076a2700000,0x00000076a2800000) (1024K)]
  0x000001ce2aeadad0 JavaThread "Notification Thread"        daemon [_thread_blocked, id=11844, stack(0x00000076a2800000,0x00000076a2900000) (1024K)]
  0x000001ce307ce490 JavaThread "Daemon health stats"               [_thread_blocked, id=19220, stack(0x00000076a2e00000,0x00000076a2f00000) (1024K)]
  0x000001ce313f6f60 JavaThread "Incoming local TCP Connector on port 56534"        [_thread_in_native, id=4776, stack(0x00000076a2f00000,0x00000076a3000000) (1024K)]
  0x000001ce30408f00 JavaThread "Daemon periodic checks"            [_thread_blocked, id=14396, stack(0x00000076a3000000,0x00000076a3100000) (1024K)]
  0x000001ce2f516c50 JavaThread "Daemon"                            [_thread_blocked, id=7112, stack(0x00000076a3100000,0x00000076a3200000) (1024K)]
  0x000001ce30a0c7c0 JavaThread "Handler for socket connection from /127.0.0.1:56534 to /127.0.0.1:56535"        [_thread_in_native, id=14636, stack(0x00000076a3200000,0x00000076a3300000) (1024K)]
  0x000001ce3018ab60 JavaThread "Cancel handler"                    [_thread_blocked, id=12492, stack(0x00000076a3300000,0x00000076a3400000) (1024K)]
  0x000001ce30189e40 JavaThread "Daemon worker"                     [_thread_blocked, id=13432, stack(0x00000076a3400000,0x00000076a3500000) (1024K)]
  0x000001ce3018a4d0 JavaThread "Asynchronous log dispatcher for DefaultDaemonConnection: socket connection from /127.0.0.1:56534 to /127.0.0.1:56535"        [_thread_blocked, id=5412, stack(0x00000076a3800000,0x00000076a3900000) (1024K)]
  0x000001ce3018b880 JavaThread "Stdin handler"                     [_thread_blocked, id=13216, stack(0x00000076a3900000,0x00000076a3a00000) (1024K)]
  0x000001ce3018b1f0 JavaThread "Daemon client event forwarder"        [_thread_blocked, id=16252, stack(0x00000076a3a00000,0x00000076a3b00000) (1024K)]
  0x000001ce3018d2c0 JavaThread "Cache worker for journal cache (C:\Users\joseg\.gradle\caches\journal-1)"        [_thread_blocked, id=9264, stack(0x00000076a3b00000,0x00000076a3c00000) (1024K)]
  0x000001ce3018bf10 JavaThread "File lock request listener"        [_thread_in_native, id=11224, stack(0x00000076a3c00000,0x00000076a3d00000) (1024K)]
  0x000001ce3018c5a0 JavaThread "Cache worker for file hash cache (C:\Users\joseg\.gradle\caches\9.3.1\fileHashes)"        [_thread_blocked, id=16960, stack(0x00000076a3d00000,0x00000076a3e00000) (1024K)]
  0x000001ce304bf2a0 JavaThread "Cache worker for file hash cache (C:\Users\joseg\Desktop\PROYECTO JOSE\.gradle\9.3.1\fileHashes)"        [_thread_blocked, id=12968, stack(0x00000076a3e00000,0x00000076a3f00000) (1024K)]
  0x000001ce304bdef0 JavaThread "Cache worker for Build Output Cleanup Cache (C:\Users\joseg\Desktop\PROYECTO JOSE\.gradle\buildOutputCleanup)"        [_thread_blocked, id=12924, stack(0x00000076a3f00000,0x00000076a4000000) (1024K)]
  0x000001ce304bcb40 JavaThread "File watcher server"        daemon [_thread_in_native, id=15928, stack(0x00000076a4000000,0x00000076a4100000) (1024K)]
  0x000001ce304bffc0 JavaThread "File watcher consumer"      daemon [_thread_blocked, id=21548, stack(0x00000076a4100000,0x00000076a4200000) (1024K)]
  0x000001ce304c0650 JavaThread "Cache worker for checksums cache (C:\Users\joseg\Desktop\PROYECTO JOSE\.gradle\9.3.1\checksums)"        [_thread_blocked, id=364, stack(0x00000076a4200000,0x00000076a4300000) (1024K)]
  0x000001ce304be580 JavaThread "Cache worker for file content cache (C:\Users\joseg\.gradle\caches\9.3.1\fileContent)"        [_thread_blocked, id=18368, stack(0x00000076a4300000,0x00000076a4400000) (1024K)]
  0x000001ce304bd1d0 JavaThread "Cache worker for cache directory md-supplier (C:\Users\joseg\.gradle\caches\9.3.1\md-supplier)"        [_thread_blocked, id=15872, stack(0x00000076a4500000,0x00000076a4600000) (1024K)]
  0x000001ce304c2090 JavaThread "Cache worker for cache directory md-rule (C:\Users\joseg\.gradle\caches\9.3.1\md-rule)"        [_thread_blocked, id=24328, stack(0x00000076a4600000,0x00000076a4700000) (1024K)]
  0x000001ce304c3ad0 JavaThread "jar transforms"                    [_thread_blocked, id=8196, stack(0x00000076a4400000,0x00000076a4500000) (1024K)]
  0x000001ce304c4160 JavaThread "jar transforms Thread 2"           [_thread_blocked, id=23444, stack(0x00000076a4700000,0x00000076a4800000) (1024K)]
  0x000001ce304c3440 JavaThread "jar transforms Thread 3"           [_thread_blocked, id=3016, stack(0x00000076a4800000,0x00000076a4900000) (1024K)]
  0x000001ce304c1370 JavaThread "Unconstrained build operations"        [_thread_blocked, id=4432, stack(0x00000076a4900000,0x00000076a4a00000) (1024K)]
  0x000001ce304c1a00 JavaThread "Unconstrained build operations Thread 2"        [_thread_blocked, id=21532, stack(0x00000076a4a00000,0x00000076a4b00000) (1024K)]
  0x000001ce304c2720 JavaThread "Unconstrained build operations Thread 3"        [_thread_blocked, id=12372, stack(0x00000076a4b00000,0x00000076a4c00000) (1024K)]
  0x000001ce304c2db0 JavaThread "Unconstrained build operations Thread 4"        [_thread_blocked, id=18272, stack(0x00000076a4c00000,0x00000076a4d00000) (1024K)]
  0x000001ce2ae87030 JavaThread "Unconstrained build operations Thread 5"        [_thread_blocked, id=23888, stack(0x00000076a4d00000,0x00000076a4e00000) (1024K)]
  0x000001ce2ae876c0 JavaThread "Unconstrained build operations Thread 7"        [_thread_blocked, id=10208, stack(0x00000076a4e00000,0x00000076a4f00000) (1024K)]
  0x000001ce2ae88a70 JavaThread "Unconstrained build operations Thread 8"        [_thread_blocked, id=11604, stack(0x00000076a4f00000,0x00000076a5000000) (1024K)]
  0x000001ce2ae87d50 JavaThread "Unconstrained build operations Thread 9"        [_thread_blocked, id=23392, stack(0x00000076a5000000,0x00000076a5100000) (1024K)]
  0x000001ce2ae883e0 JavaThread "Unconstrained build operations Thread 10"        [_thread_blocked, id=24192, stack(0x00000076a5100000,0x00000076a5200000) (1024K)]
  0x000001ce2ae89100 JavaThread "Unconstrained build operations Thread 11"        [_thread_blocked, id=13640, stack(0x00000076a5200000,0x00000076a5300000) (1024K)]
  0x000001ce2ae89790 JavaThread "Unconstrained build operations Thread 12"        [_thread_blocked, id=3360, stack(0x00000076a5300000,0x00000076a5400000) (1024K)]
  0x000001ce2ae86310 JavaThread "Unconstrained build operations Thread 13"        [_thread_blocked, id=21016, stack(0x00000076a5400000,0x00000076a5500000) (1024K)]
  0x000001ce303d20c0 JavaThread "C2 CompilerThread1"         daemon [_thread_blocked, id=5312, stack(0x00000076a5500000,0x00000076a5600000) (1024K)]
  0x000001ce303d2790 JavaThread "C2 CompilerThread2"         daemon [_thread_blocked, id=1196, stack(0x00000076a5600000,0x00000076a5700000) (1024K)]
Total: 49

Other Threads:
  0x000001ce2ab3f4d0 VMThread "VM Thread"                           [id=1844, stack(0x00000076a1e00000,0x00000076a1f00000) (1024K)] _threads_hazard_ptr=0x000001ce2ae58bf0
  0x000001ce2a98bc60 WatcherThread "VM Periodic Task Thread"        [id=9720, stack(0x00000076a1d00000,0x00000076a1e00000) (1024K)]
  0x000001ce132d3b60 WorkerThread "GC Thread#0"                     [id=3100, stack(0x00000076a1800000,0x00000076a1900000) (1024K)]
  0x000001ce2f1ed240 WorkerThread "GC Thread#1"                     [id=12396, stack(0x00000076a2900000,0x00000076a2a00000) (1024K)]
  0x000001ce2f1e58a0 WorkerThread "GC Thread#2"                     [id=18080, stack(0x00000076a2a00000,0x00000076a2b00000) (1024K)]
  0x000001ce2f1e5c40 WorkerThread "GC Thread#3"                     [id=15080, stack(0x00000076a2b00000,0x00000076a2c00000) (1024K)]
  0x000001ce2f1f76b0 WorkerThread "GC Thread#4"                     [id=21196, stack(0x00000076a2c00000,0x00000076a2d00000) (1024K)]
  0x000001ce2f1f7a50 WorkerThread "GC Thread#5"                     [id=6684, stack(0x00000076a2d00000,0x00000076a2e00000) (1024K)]
  0x000001ce2f03f0d0 WorkerThread "GC Thread#6"                     [id=10972, stack(0x00000076a3500000,0x00000076a3600000) (1024K)]
  0x000001ce2f03e250 WorkerThread "GC Thread#7"                     [id=4360, stack(0x00000076a3600000,0x00000076a3700000) (1024K)]
  0x000001ce132e5a60 ConcurrentGCThread "G1 Main Marker"            [id=5472, stack(0x00000076a1900000,0x00000076a1a00000) (1024K)]
  0x000001ce132e6470 WorkerThread "G1 Conc#0"                       [id=17592, stack(0x00000076a1a00000,0x00000076a1b00000) (1024K)]
  0x000001ce2f03ed30 WorkerThread "G1 Conc#1"                       [id=18516, stack(0x00000076a3700000,0x00000076a3800000) (1024K)]
  0x000001ce2a8592d0 ConcurrentGCThread "G1 Refine#0"               [id=21032, stack(0x00000076a1b00000,0x00000076a1c00000) (1024K)]
  0x000001ce2a85a290 ConcurrentGCThread "G1 Service"                [id=16820, stack(0x00000076a1c00000,0x00000076a1d00000) (1024K)]
Total: 15

Threads with active compile tasks:
C2 CompilerThread0  35859 5166       4       org.gradle.internal.logging.text.AbstractLineChoppingStyledTextOutput::doAppend (43 bytes)
C1 CompilerThread0  35859 5212       3       org.gradle.internal.logging.console.StyledTextOutputBackedRenderer::onOutput (260 bytes)
Total: 2

VM state: synchronizing (normal execution)

VM Mutex/Monitor currently owned by a thread:  ([mutex/lock_event])
[0x00007ffb96498690] Threads_lock - owner thread: 0x000001ce2ab3f4d0

OutOfMemory and StackOverflow Exception counts:
OutOfMemoryError java_heap_errors=1
LinkageErrors=152

Heap address: 0x0000000080000000, size: 2048 MB, Compressed Oops mode: 32-bit

CDS archive(s) not mapped
Compressed class space mapped at: 0x0000000100000000-0x0000000140000000, reserved size: 1073741824
Narrow klass base: 0x0000000000000000, Narrow klass shift: 3, Narrow klass range: 0x140000000

GC Precious Log:
 CardTable entry size: 512
 Card Set container configuration: InlinePtr #cards 5 size 8 Array Of Cards #cards 12 size 40 Howl #buckets 4 coarsen threshold 1843 Howl Bitmap #cards 512 size 80 coarsen threshold 460 Card regions per heap region 1 cards per card region 2048
 CPUs: 8 total, 8 available
 Memory: 16197M
 Large Page Support: Disabled
 NUMA Support: Disabled
 Compressed Oops: Enabled (32-bit)
 Heap Region Size: 1M
 Heap Min Capacity: 8M
 Heap Initial Capacity: 254M
 Heap Max Capacity: 2G
 Pre-touch: Disabled
 Parallel Workers: 8
 Concurrent Workers: 2
 Concurrent Refinement Workers: 8
 Periodic GC: Disabled

Heap:
 garbage-first heap   total 89088K, used 43414K [0x0000000080000000, 0x0000000100000000)
  region size 1024K, 11 young (11264K), 4 survivors (4096K)
 Metaspace       used 55351K, committed 56896K, reserved 1114112K
  class space    used 7823K, committed 8576K, reserved 1048576K

Heap Regions: E=young(eden), S=young(survivor), O=old, HS=humongous(starts), HC=humongous(continues), CS=collection set, F=free, TAMS=top-at-mark-start, PB=parsable bottom
|   0|0x0000000080000000, 0x0000000080100000, 0x0000000080100000|100%|HS|  |TAMS 0x0000000080000000| PB 0x0000000080000000| Complete 
|   1|0x0000000080100000, 0x0000000080200000, 0x0000000080200000|100%|HC|  |TAMS 0x0000000080100000| PB 0x0000000080100000| Complete 
|   2|0x0000000080200000, 0x0000000080300000, 0x0000000080300000|100%|HC|  |TAMS 0x0000000080200000| PB 0x0000000080200000| Complete 
|   3|0x0000000080300000, 0x0000000080400000, 0x0000000080400000|100%|HC|  |TAMS 0x0000000080300000| PB 0x0000000080300000| Complete 
|   4|0x0000000080400000, 0x0000000080500000, 0x0000000080500000|100%| O|  |TAMS 0x0000000080400000| PB 0x0000000080400000| Untracked 
|   5|0x0000000080500000, 0x0000000080600000, 0x0000000080600000|100%| O|  |TAMS 0x0000000080500000| PB 0x0000000080500000| Untracked 
|   6|0x0000000080600000, 0x0000000080700000, 0x0000000080700000|100%| O|  |TAMS 0x0000000080600000| PB 0x0000000080600000| Untracked 
|   7|0x0000000080700000, 0x0000000080800000, 0x0000000080800000|100%|HS|  |TAMS 0x0000000080700000| PB 0x0000000080700000| Complete 
|   8|0x0000000080800000, 0x0000000080900000, 0x0000000080900000|100%| O|  |TAMS 0x0000000080800000| PB 0x0000000080800000| Untracked 
|   9|0x0000000080900000, 0x0000000080a00000, 0x0000000080a00000|100%| O|  |TAMS 0x0000000080900000| PB 0x0000000080900000| Untracked 
|  10|0x0000000080a00000, 0x0000000080b00000, 0x0000000080b00000|100%| O|  |TAMS 0x0000000080a00000| PB 0x0000000080a00000| Untracked 
|  11|0x0000000080b00000, 0x0000000080c00000, 0x0000000080c00000|100%| O|  |TAMS 0x0000000080b00000| PB 0x0000000080b00000| Untracked 
|  12|0x0000000080c00000, 0x0000000080d00000, 0x0000000080d00000|100%| O|  |TAMS 0x0000000080c00000| PB 0x0000000080c00000| Untracked 
|  13|0x0000000080d00000, 0x0000000080e00000, 0x0000000080e00000|100%| O|  |TAMS 0x0000000080d00000| PB 0x0000000080d00000| Untracked 
|  14|0x0000000080e00000, 0x0000000080f00000, 0x0000000080f00000|100%| O|  |TAMS 0x0000000080e00000| PB 0x0000000080e00000| Untracked 
|  15|0x0000000080f00000, 0x0000000081000000, 0x0000000081000000|100%| O|  |TAMS 0x0000000080f00000| PB 0x0000000080f00000| Untracked 
|  16|0x0000000081000000, 0x0000000081100000, 0x0000000081100000|100%| O|  |TAMS 0x0000000081000000| PB 0x0000000081000000| Untracked 
|  17|0x0000000081100000, 0x0000000081200000, 0x0000000081200000|100%| O|  |TAMS 0x0000000081100000| PB 0x0000000081100000| Untracked 
|  18|0x0000000081200000, 0x0000000081300000, 0x0000000081300000|100%| O|  |TAMS 0x0000000081200000| PB 0x0000000081200000| Untracked 
|  19|0x0000000081300000, 0x0000000081400000, 0x0000000081400000|100%| O|  |TAMS 0x0000000081300000| PB 0x0000000081300000| Untracked 
|  20|0x0000000081400000, 0x0000000081500000, 0x0000000081500000|100%| O|  |TAMS 0x0000000081400000| PB 0x0000000081400000| Untracked 
|  21|0x0000000081500000, 0x0000000081600000, 0x0000000081600000|100%| O|  |TAMS 0x0000000081500000| PB 0x0000000081500000| Untracked 
|  22|0x0000000081600000, 0x0000000081700000, 0x0000000081700000|100%| O|  |TAMS 0x0000000081600000| PB 0x0000000081600000| Untracked 
|  23|0x0000000081700000, 0x0000000081800000, 0x0000000081800000|100%| O|  |TAMS 0x0000000081700000| PB 0x0000000081700000| Untracked 
|  24|0x0000000081800000, 0x0000000081900000, 0x0000000081900000|100%| O|  |TAMS 0x0000000081800000| PB 0x0000000081800000| Untracked 
|  25|0x0000000081900000, 0x0000000081a00000, 0x0000000081a00000|100%| O|  |TAMS 0x0000000081900000| PB 0x0000000081900000| Untracked 
|  26|0x0000000081a00000, 0x0000000081b00000, 0x0000000081b00000|100%| O|  |TAMS 0x0000000081a00000| PB 0x0000000081a00000| Untracked 
|  27|0x0000000081b00000, 0x0000000081bc9080, 0x0000000081c00000| 78%| O|  |TAMS 0x0000000081b00000| PB 0x0000000081b00000| Untracked 
|  28|0x0000000081c00000, 0x0000000081c00000, 0x0000000081d00000|  0%| F|  |TAMS 0x0000000081c00000| PB 0x0000000081c00000| Untracked 
|  29|0x0000000081d00000, 0x0000000081d00000, 0x0000000081e00000|  0%| F|  |TAMS 0x0000000081d00000| PB 0x0000000081d00000| Untracked 
|  30|0x0000000081e00000, 0x0000000081e00000, 0x0000000081f00000|  0%| F|  |TAMS 0x0000000081e00000| PB 0x0000000081e00000| Untracked 
|  31|0x0000000081f00000, 0x0000000081f00000, 0x0000000082000000|  0%| F|  |TAMS 0x0000000081f00000| PB 0x0000000081f00000| Untracked 
|  32|0x0000000082000000, 0x0000000082000000, 0x0000000082100000|  0%| F|  |TAMS 0x0000000082000000| PB 0x0000000082000000| Untracked 
|  33|0x0000000082100000, 0x0000000082100000, 0x0000000082200000|  0%| F|  |TAMS 0x0000000082100000| PB 0x0000000082100000| Untracked 
|  34|0x0000000082200000, 0x0000000082200000, 0x0000000082300000|  0%| F|  |TAMS 0x0000000082200000| PB 0x0000000082200000| Untracked 
|  35|0x0000000082300000, 0x0000000082300000, 0x0000000082400000|  0%| F|  |TAMS 0x0000000082300000| PB 0x0000000082300000| Untracked 
|  36|0x0000000082400000, 0x000000008249c900, 0x0000000082500000| 61%| S|CS|TAMS 0x0000000082400000| PB 0x0000000082400000| Complete 
|  37|0x0000000082500000, 0x0000000082600000, 0x0000000082600000|100%| S|CS|TAMS 0x0000000082500000| PB 0x0000000082500000| Complete 
|  38|0x0000000082600000, 0x0000000082700000, 0x0000000082700000|100%| S|CS|TAMS 0x0000000082600000| PB 0x0000000082600000| Complete 
|  39|0x0000000082700000, 0x0000000082800000, 0x0000000082800000|100%| S|CS|TAMS 0x0000000082700000| PB 0x0000000082700000| Complete 
|  40|0x0000000082800000, 0x0000000082800000, 0x0000000082900000|  0%| F|  |TAMS 0x0000000082800000| PB 0x0000000082800000| Untracked 
|  41|0x0000000082900000, 0x0000000082900000, 0x0000000082a00000|  0%| F|  |TAMS 0x0000000082900000| PB 0x0000000082900000| Untracked 
|  42|0x0000000082a00000, 0x0000000082a00000, 0x0000000082b00000|  0%| F|  |TAMS 0x0000000082a00000| PB 0x0000000082a00000| Untracked 
|  43|0x0000000082b00000, 0x0000000082b00000, 0x0000000082c00000|  0%| F|  |TAMS 0x0000000082b00000| PB 0x0000000082b00000| Untracked 
|  44|0x0000000082c00000, 0x0000000082c00000, 0x0000000082d00000|  0%| F|  |TAMS 0x0000000082c00000| PB 0x0000000082c00000| Untracked 
|  45|0x0000000082d00000, 0x0000000082d00000, 0x0000000082e00000|  0%| F|  |TAMS 0x0000000082d00000| PB 0x0000000082d00000| Untracked 
|  46|0x0000000082e00000, 0x0000000082e00000, 0x0000000082f00000|  0%| F|  |TAMS 0x0000000082e00000| PB 0x0000000082e00000| Untracked 
|  47|0x0000000082f00000, 0x0000000082f00000, 0x0000000083000000|  0%| F|  |TAMS 0x0000000082f00000| PB 0x0000000082f00000| Untracked 
|  48|0x0000000083000000, 0x0000000083000000, 0x0000000083100000|  0%| F|  |TAMS 0x0000000083000000| PB 0x0000000083000000| Untracked 
|  49|0x0000000083100000, 0x0000000083100000, 0x0000000083200000|  0%| F|  |TAMS 0x0000000083100000| PB 0x0000000083100000| Untracked 
|  50|0x0000000083200000, 0x0000000083200000, 0x0000000083300000|  0%| F|  |TAMS 0x0000000083200000| PB 0x0000000083200000| Untracked 
|  51|0x0000000083300000, 0x0000000083300000, 0x0000000083400000|  0%| F|  |TAMS 0x0000000083300000| PB 0x0000000083300000| Untracked 
|  52|0x0000000083400000, 0x0000000083400000, 0x0000000083500000|  0%| F|  |TAMS 0x0000000083400000| PB 0x0000000083400000| Untracked 
|  53|0x0000000083500000, 0x0000000083500000, 0x0000000083600000|  0%| F|  |TAMS 0x0000000083500000| PB 0x0000000083500000| Untracked 
|  54|0x0000000083600000, 0x0000000083600000, 0x0000000083700000|  0%| F|  |TAMS 0x0000000083600000| PB 0x0000000083600000| Untracked 
|  55|0x0000000083700000, 0x0000000083700000, 0x0000000083800000|  0%| F|  |TAMS 0x0000000083700000| PB 0x0000000083700000| Untracked 
|  56|0x0000000083800000, 0x0000000083800000, 0x0000000083900000|  0%| F|  |TAMS 0x0000000083800000| PB 0x0000000083800000| Untracked 
|  57|0x0000000083900000, 0x0000000083900000, 0x0000000083a00000|  0%| F|  |TAMS 0x0000000083900000| PB 0x0000000083900000| Untracked 
|  58|0x0000000083a00000, 0x0000000083a00000, 0x0000000083b00000|  0%| F|  |TAMS 0x0000000083a00000| PB 0x0000000083a00000| Untracked 
|  59|0x0000000083b00000, 0x0000000083b00000, 0x0000000083c00000|  0%| F|  |TAMS 0x0000000083b00000| PB 0x0000000083b00000| Untracked 
|  60|0x0000000083c00000, 0x0000000083c00000, 0x0000000083d00000|  0%| F|  |TAMS 0x0000000083c00000| PB 0x0000000083c00000| Untracked 
|  61|0x0000000083d00000, 0x0000000083d00000, 0x0000000083e00000|  0%| F|  |TAMS 0x0000000083d00000| PB 0x0000000083d00000| Untracked 
|  62|0x0000000083e00000, 0x0000000083e00000, 0x0000000083f00000|  0%| F|  |TAMS 0x0000000083e00000| PB 0x0000000083e00000| Untracked 
|  63|0x0000000083f00000, 0x0000000083f00000, 0x0000000084000000|  0%| F|  |TAMS 0x0000000083f00000| PB 0x0000000083f00000| Untracked 
|  64|0x0000000084000000, 0x0000000084000000, 0x0000000084100000|  0%| F|  |TAMS 0x0000000084000000| PB 0x0000000084000000| Untracked 
|  65|0x0000000084100000, 0x0000000084100000, 0x0000000084200000|  0%| F|  |TAMS 0x0000000084100000| PB 0x0000000084100000| Untracked 
|  66|0x0000000084200000, 0x0000000084200000, 0x0000000084300000|  0%| F|  |TAMS 0x0000000084200000| PB 0x0000000084200000| Untracked 
|  67|0x0000000084300000, 0x0000000084300000, 0x0000000084400000|  0%| F|  |TAMS 0x0000000084300000| PB 0x0000000084300000| Untracked 
|  68|0x0000000084400000, 0x0000000084400000, 0x0000000084500000|  0%| F|  |TAMS 0x0000000084400000| PB 0x0000000084400000| Untracked 
|  69|0x0000000084500000, 0x0000000084500000, 0x0000000084600000|  0%| F|  |TAMS 0x0000000084500000| PB 0x0000000084500000| Untracked 
|  70|0x0000000084600000, 0x0000000084600000, 0x0000000084700000|  0%| F|  |TAMS 0x0000000084600000| PB 0x0000000084600000| Untracked 
|  90|0x0000000085a00000, 0x0000000085a00000, 0x0000000085b00000|  0%| F|  |TAMS 0x0000000085a00000| PB 0x0000000085a00000| Untracked 
|  91|0x0000000085b00000, 0x0000000085b00000, 0x0000000085c00000|  0%| F|  |TAMS 0x0000000085b00000| PB 0x0000000085b00000| Untracked 
|  92|0x0000000085c00000, 0x0000000085c00000, 0x0000000085d00000|  0%| F|  |TAMS 0x0000000085c00000| PB 0x0000000085c00000| Untracked 
|  93|0x0000000085d00000, 0x0000000085d00000, 0x0000000085e00000|  0%| F|  |TAMS 0x0000000085d00000| PB 0x0000000085d00000| Untracked 
|  94|0x0000000085e00000, 0x0000000085e03ad0, 0x0000000085f00000|  1%| E|  |TAMS 0x0000000085e00000| PB 0x0000000085e00000| Complete 
|  95|0x0000000085f00000, 0x0000000086000000, 0x0000000086000000|100%| E|CS|TAMS 0x0000000085f00000| PB 0x0000000085f00000| Complete 
|  96|0x0000000086000000, 0x0000000086100000, 0x0000000086100000|100%| E|CS|TAMS 0x0000000086000000| PB 0x0000000086000000| Complete 
|  99|0x0000000086300000, 0x0000000086400000, 0x0000000086400000|100%| E|CS|TAMS 0x0000000086300000| PB 0x0000000086300000| Complete 
| 100|0x0000000086400000, 0x0000000086500000, 0x0000000086500000|100%| E|CS|TAMS 0x0000000086400000| PB 0x0000000086400000| Complete 
| 101|0x0000000086500000, 0x0000000086600000, 0x0000000086600000|100%| E|CS|TAMS 0x0000000086500000| PB 0x0000000086500000| Complete 
| 253|0x000000008fd00000, 0x000000008fe00000, 0x000000008fe00000|100%| E|CS|TAMS 0x000000008fd00000| PB 0x000000008fd00000| Complete 
|2043|0x00000000ffb00000, 0x00000000ffc00000, 0x00000000ffc00000|100%| O|  |TAMS 0x00000000ffb00000| PB 0x00000000ffb00000| Untracked 
|2044|0x00000000ffc00000, 0x00000000ffd00000, 0x00000000ffd00000|100%| O|  |TAMS 0x00000000ffc00000| PB 0x00000000ffc00000| Untracked 
|2045|0x00000000ffd00000, 0x00000000ffe00000, 0x00000000ffe00000|100%| O|  |TAMS 0x00000000ffd00000| PB 0x00000000ffd00000| Untracked 
|2046|0x00000000ffe00000, 0x00000000fff00000, 0x00000000fff00000|100%| O|  |TAMS 0x00000000ffe00000| PB 0x00000000ffe00000| Untracked 
|2047|0x00000000fff00000, 0x0000000100000000, 0x0000000100000000|100%| O|  |TAMS 0x00000000fff00000| PB 0x00000000fff00000| Untracked 

Card table byte_map: [0x000001ce25b10000,0x000001ce25f10000] _byte_map_base: 0x000001ce25710000

Marking Bits: (CMBitMap*) 0x000001ce132d4170
 Bits: [0x000001ce25f10000, 0x000001ce27f10000)

Polling page: 0x000001ce11110000

Metaspace:

Usage:
  Non-class:     46.41 MB used.
      Class:      7.64 MB used.
       Both:     54.05 MB used.

Virtual space:
  Non-class space:       64.00 MB reserved,      47.19 MB ( 74%) committed,  1 nodes.
      Class space:        1.00 GB reserved,       8.38 MB ( <1%) committed,  1 nodes.
             Both:        1.06 GB reserved,      55.56 MB (  5%) committed. 

Chunk freelists:
   Non-Class:  783.00 KB
       Class:  7.66 MB
        Both:  8.42 MB

MaxMetaspaceSize: unlimited
CompressedClassSpaceSize: 1.00 GB
Initial GC threshold: 21.00 MB
Current GC threshold: 59.19 MB
CDS: off
 - commit_granule_bytes: 65536.
 - commit_granule_words: 8192.
 - virtual_space_node_default_size: 8388608.
 - enlarge_chunks_in_place: 1.
 - use_allocation_guard: 0.


Internal statistics:

num_allocs_failed_limit: 9.
num_arena_births: 2928.
num_arena_deaths: 0.
num_vsnodes_births: 2.
num_vsnodes_deaths: 0.
num_space_committed: 889.
num_space_uncommitted: 0.
num_chunks_returned_to_freelist: 9.
num_chunks_taken_from_freelist: 5173.
num_chunk_merges: 6.
num_chunk_splits: 3331.
num_chunks_enlarged: 1996.
num_inconsistent_stats: 0.

CodeHeap 'non-profiled nmethods': size=120000Kb used=2974Kb max_used=2974Kb free=117025Kb
 bounds [0x000001ce1deb0000, 0x000001ce1e1a0000, 0x000001ce253e0000]
CodeHeap 'profiled nmethods': size=120000Kb used=9051Kb max_used=9051Kb free=110948Kb
 bounds [0x000001ce163e0000, 0x000001ce16cc0000, 0x000001ce1d910000]
CodeHeap 'non-nmethods': size=5760Kb used=1843Kb max_used=1865Kb free=3916Kb
 bounds [0x000001ce1d910000, 0x000001ce1db80000, 0x000001ce1deb0000]
CodeCache: size=245760Kb, used=13868Kb, max_used=13890Kb, free=231889Kb
 total_blobs=5451, nmethods=4715, adapters=640, full_count=0
Compilation: enabled, stopped_count=0, restarted_count=0

Compilation events (20 events):
Event: 33.840 Thread 0x000001ce2abb14a0 nmethod 5202 0x000001ce16cac890 code [0x000001ce16cacae0, 0x000001ce16cad6a0]
Event: 33.840 Thread 0x000001ce2abb14a0 5203       3       org.gradle.internal.logging.sink.OutputEventTransformer::onOutput (369 bytes)
Event: 33.840 Thread 0x000001ce303d2790 nmethod 5204 0x000001ce1e196b90 code [0x000001ce1e196d20, 0x000001ce1e196de8]
Event: 33.840 Thread 0x000001ce303d2790 5205       4       java.nio.MappedByteBuffer::rewind (5 bytes)
Event: 33.840 Thread 0x000001ce303d2790 nmethod 5205 0x000001ce1e196e90 code [0x000001ce1e197020, 0x000001ce1e1970b8]
Event: 33.841 Thread 0x000001ce303d20c0 nmethod 5197 0x000001ce1e197190 code [0x000001ce1e197360, 0x000001ce1e197760]
Event: 33.841 Thread 0x000001ce2abb14a0 nmethod 5203 0x000001ce16cad990 code [0x000001ce16cade60, 0x000001ce16cb0ae8]
Event: 33.841 Thread 0x000001ce2abb14a0 5206       3       org.gradle.internal.operations.logging.LoggingBuildOperationProgressBroadcaster::onOutput (105 bytes)
Event: 33.841 Thread 0x000001ce2abb14a0 nmethod 5206 0x000001ce16cb1510 code [0x000001ce16cb1740, 0x000001ce16cb2128]
Event: 33.841 Thread 0x000001ce2abb14a0 5207       3       org.gradle.internal.logging.console.StyledTextOutputBackedRenderer$OutputEventTextOutputImpl::doStyleChange (12 bytes)
Event: 33.841 Thread 0x000001ce2abb14a0 nmethod 5207 0x000001ce16cb2290 code [0x000001ce16cb2440, 0x000001ce16cb2610]
Event: 33.841 Thread 0x000001ce2abb14a0 5208       3       org.gradle.internal.logging.text.AbstractStyledTextOutput::doStyleChange (1 bytes)
Event: 33.841 Thread 0x000001ce2abb14a0 nmethod 5208 0x000001ce16cb2710 code [0x000001ce16cb28a0, 0x000001ce16cb29a8]
Event: 33.842 Thread 0x000001ce2abb14a0 5209       3       org.gradle.internal.event.BroadcastDispatch$CompositeDispatch::dispatch (9 bytes)
Event: 33.842 Thread 0x000001ce2abb14a0 nmethod 5209 0x000001ce16cb2a10 code [0x000001ce16cb2bc0, 0x000001ce16cb2ed0]
Event: 33.842 Thread 0x000001ce2abb14a0 5210       3       org.gradle.internal.event.BroadcastDispatch$CompositeDispatch::dispatch (10 bytes)
Event: 33.842 Thread 0x000001ce2abb14a0 nmethod 5210 0x000001ce16cb3010 code [0x000001ce16cb31c0, 0x000001ce16cb3380]
Event: 33.842 Thread 0x000001ce2abb14a0 5211       3       org.gradle.internal.operations.CurrentBuildOperationRef::instance (4 bytes)
Event: 33.842 Thread 0x000001ce2abb14a0 nmethod 5211 0x000001ce16cb3410 code [0x000001ce16cb35a0, 0x000001ce16cb3698]
Event: 33.842 Thread 0x000001ce2abb14a0 5212       3       org.gradle.internal.logging.console.StyledTextOutputBackedRenderer::onOutput (260 bytes)

GC Heap History (18 events):
Event: 2.007 GC heap before
{Heap before GC invocations=0 (full 0):
 garbage-first heap   total 260096K, used 22528K [0x0000000080000000, 0x0000000100000000)
  region size 1024K, 23 young (23552K), 0 survivors (0K)
 Metaspace       used 7888K, committed 8064K, reserved 1114112K
  class space    used 737K, committed 832K, reserved 1048576K
}
Event: 2.054 GC heap after
{Heap after GC invocations=1 (full 0):
 garbage-first heap   total 260096K, used 1194K [0x0000000080000000, 0x0000000100000000)
  region size 1024K, 2 young (2048K), 2 survivors (2048K)
 Metaspace       used 7888K, committed 8064K, reserved 1114112K
  class space    used 737K, committed 832K, reserved 1048576K
}
Event: 4.671 GC heap before
{Heap before GC invocations=1 (full 0):
 garbage-first heap   total 260096K, used 42154K [0x0000000080000000, 0x0000000100000000)
  region size 1024K, 39 young (39936K), 2 survivors (2048K)
 Metaspace       used 11885K, committed 12096K, reserved 1114112K
  class space    used 1281K, committed 1344K, reserved 1048576K
}
Event: 4.676 GC heap after
{Heap after GC invocations=2 (full 0):
 garbage-first heap   total 260096K, used 11397K [0x0000000080000000, 0x0000000100000000)
  region size 1024K, 5 young (5120K), 5 survivors (5120K)
 Metaspace       used 11885K, committed 12096K, reserved 1114112K
  class space    used 1281K, committed 1344K, reserved 1048576K
}
Event: 13.815 GC heap before
{Heap before GC invocations=2 (full 0):
 garbage-first heap   total 260096K, used 160901K [0x0000000080000000, 0x0000000100000000)
  region size 1024K, 150 young (153600K), 5 survivors (5120K)
 Metaspace       used 21208K, committed 21504K, reserved 1114112K
  class space    used 2477K, committed 2624K, reserved 1048576K
}
Event: 13.830 GC heap after
{Heap after GC invocations=3 (full 0):
 garbage-first heap   total 260096K, used 21523K [0x0000000080000000, 0x0000000100000000)
  region size 1024K, 14 young (14336K), 14 survivors (14336K)
 Metaspace       used 21208K, committed 21504K, reserved 1114112K
  class space    used 2477K, committed 2624K, reserved 1048576K
}
Event: 17.159 GC heap before
{Heap before GC invocations=4 (full 0):
 garbage-first heap   total 75776K, used 73747K [0x0000000080000000, 0x0000000100000000)
  region size 1024K, 64 young (65536K), 14 survivors (14336K)
 Metaspace       used 29859K, committed 30336K, reserved 1114112K
  class space    used 3708K, committed 3968K, reserved 1048576K
}
Event: 17.171 GC heap after
{Heap after GC invocations=5 (full 0):
 garbage-first heap   total 93184K, used 24089K [0x0000000080000000, 0x0000000100000000)
  region size 1024K, 12 young (12288K), 12 survivors (12288K)
 Metaspace       used 29859K, committed 30336K, reserved 1114112K
  class space    used 3708K, committed 3968K, reserved 1048576K
}
Event: 19.660 GC heap before
{Heap before GC invocations=5 (full 0):
 garbage-first heap   total 93184K, used 63001K [0x0000000080000000, 0x0000000100000000)
  region size 1024K, 52 young (53248K), 12 survivors (12288K)
 Metaspace       used 35273K, committed 35968K, reserved 1114112K
  class space    used 4615K, committed 4928K, reserved 1048576K
}
Event: 19.666 GC heap after
{Heap after GC invocations=6 (full 0):
 garbage-first heap   total 93184K, used 26515K [0x0000000080000000, 0x0000000100000000)
  region size 1024K, 6 young (6144K), 6 survivors (6144K)
 Metaspace       used 35273K, committed 35968K, reserved 1114112K
  class space    used 4615K, committed 4928K, reserved 1048576K
}
Event: 20.134 GC heap before
{Heap before GC invocations=6 (full 0):
 garbage-first heap   total 93184K, used 28563K [0x0000000080000000, 0x0000000100000000)
  region size 1024K, 9 young (9216K), 6 survivors (6144K)
 Metaspace       used 35555K, committed 36288K, reserved 1114112K
  class space    used 4663K, committed 4992K, reserved 1048576K
}
Event: 20.138 GC heap after
{Heap after GC invocations=7 (full 0):
 garbage-first heap   total 93184K, used 26624K [0x0000000080000000, 0x0000000100000000)
  region size 1024K, 3 young (3072K), 3 survivors (3072K)
 Metaspace       used 35555K, committed 36288K, reserved 1114112K
  class space    used 4663K, committed 4992K, reserved 1048576K
}
Event: 23.146 GC heap before
{Heap before GC invocations=8 (full 0):
 garbage-first heap   total 89088K, used 78848K [0x0000000080000000, 0x0000000100000000)
  region size 1024K, 54 young (55296K), 3 survivors (3072K)
 Metaspace       used 42321K, committed 43520K, reserved 1114112K
  class space    used 5851K, committed 6400K, reserved 1048576K
}
Event: 23.152 GC heap after
{Heap after GC invocations=9 (full 0):
 garbage-first heap   total 89088K, used 29195K [0x0000000080000000, 0x0000000100000000)
  region size 1024K, 6 young (6144K), 6 survivors (6144K)
 Metaspace       used 42321K, committed 43520K, reserved 1114112K
  class space    used 5851K, committed 6400K, reserved 1048576K
}
Event: 25.244 GC heap before
{Heap before GC invocations=9 (full 0):
 garbage-first heap   total 89088K, used 75275K [0x0000000080000000, 0x0000000100000000)
  region size 1024K, 52 young (53248K), 6 survivors (6144K)
 Metaspace       used 49636K, committed 51008K, reserved 1114112K
  class space    used 6860K, committed 7488K, reserved 1048576K
}
Event: 25.252 GC heap after
{Heap after GC invocations=10 (full 0):
 garbage-first heap   total 89088K, used 33321K [0x0000000080000000, 0x0000000100000000)
  region size 1024K, 7 young (7168K), 7 survivors (7168K)
 Metaspace       used 49636K, committed 51008K, reserved 1114112K
  class space    used 6860K, committed 7488K, reserved 1048576K
}
Event: 29.690 GC heap before
{Heap before GC invocations=10 (full 0):
 garbage-first heap   total 89088K, used 76329K [0x0000000080000000, 0x0000000100000000)
  region size 1024K, 49 young (50176K), 7 survivors (7168K)
 Metaspace       used 54852K, committed 56448K, reserved 1114112K
  class space    used 7742K, committed 8512K, reserved 1048576K
}
Event: 29.694 GC heap after
{Heap after GC invocations=11 (full 0):
 garbage-first heap   total 89088K, used 37270K [0x0000000080000000, 0x0000000100000000)
  region size 1024K, 4 young (4096K), 4 survivors (4096K)
 Metaspace       used 54852K, committed 56448K, reserved 1114112K
  class space    used 7742K, committed 8512K, reserved 1048576K
}

Dll operation events (3 events):
Event: 0.021 Loaded shared library C:\Program Files\Android\Android Studio\jbr\bin\java.dll
Event: 0.036 Loaded shared library C:\Program Files\Android\Android Studio\jbr\bin\zip.dll
Event: 3.517 Loaded shared library C:\Program Files\Android\Android Studio\jbr\bin\verify.dll

Deoptimization events (20 events):
Event: 29.702 Thread 0x000001ce30189e40 Uncommon trap: trap_request=0xffffffde fr.pc=0x000001ce1e059e60 relative=0x0000000000000e60
Event: 29.702 Thread 0x000001ce30189e40 Uncommon trap: reason=class_check action=maybe_recompile pc=0x000001ce1e059e60 method=java.util.concurrent.ConcurrentHashMap.putVal(Ljava/lang/Object;Ljava/lang/Object;Z)Ljava/lang/Object; @ 242 c2
Event: 29.702 Thread 0x000001ce30189e40 DEOPT PACKING pc=0x000001ce1e059e60 sp=0x00000076a34f8ad0
Event: 29.702 Thread 0x000001ce30189e40 DEOPT UNPACKING pc=0x000001ce1d9643a2 sp=0x00000076a34f8a40 mode 2
Event: 29.703 Thread 0x000001ce30189e40 Uncommon trap: trap_request=0xffffffde fr.pc=0x000001ce1e059e60 relative=0x0000000000000e60
Event: 29.703 Thread 0x000001ce30189e40 Uncommon trap: reason=class_check action=maybe_recompile pc=0x000001ce1e059e60 method=java.util.concurrent.ConcurrentHashMap.putVal(Ljava/lang/Object;Ljava/lang/Object;Z)Ljava/lang/Object; @ 242 c2
Event: 29.703 Thread 0x000001ce30189e40 DEOPT PACKING pc=0x000001ce1e059e60 sp=0x00000076a34f8ad0
Event: 29.703 Thread 0x000001ce30189e40 DEOPT UNPACKING pc=0x000001ce1d9643a2 sp=0x00000076a34f8a40 mode 2
Event: 29.704 Thread 0x000001ce30189e40 Uncommon trap: trap_request=0xffffffde fr.pc=0x000001ce1e059e60 relative=0x0000000000000e60
Event: 29.704 Thread 0x000001ce30189e40 Uncommon trap: reason=class_check action=maybe_recompile pc=0x000001ce1e059e60 method=java.util.concurrent.ConcurrentHashMap.putVal(Ljava/lang/Object;Ljava/lang/Object;Z)Ljava/lang/Object; @ 242 c2
Event: 29.704 Thread 0x000001ce30189e40 DEOPT PACKING pc=0x000001ce1e059e60 sp=0x00000076a34f8ad0
Event: 29.704 Thread 0x000001ce30189e40 DEOPT UNPACKING pc=0x000001ce1d9643a2 sp=0x00000076a34f8a40 mode 2
Event: 29.704 Thread 0x000001ce30189e40 Uncommon trap: trap_request=0xffffffde fr.pc=0x000001ce1e059e60 relative=0x0000000000000e60
Event: 29.704 Thread 0x000001ce30189e40 Uncommon trap: reason=class_check action=maybe_recompile pc=0x000001ce1e059e60 method=java.util.concurrent.ConcurrentHashMap.putVal(Ljava/lang/Object;Ljava/lang/Object;Z)Ljava/lang/Object; @ 242 c2
Event: 29.704 Thread 0x000001ce30189e40 DEOPT PACKING pc=0x000001ce1e059e60 sp=0x00000076a34f8ad0
Event: 29.704 Thread 0x000001ce30189e40 DEOPT UNPACKING pc=0x000001ce1d9643a2 sp=0x00000076a34f8a40 mode 2
Event: 32.767 Thread 0x000001ce30189e40 Uncommon trap: trap_request=0xffffffde fr.pc=0x000001ce1e0719a0 relative=0x0000000000000b40
Event: 32.767 Thread 0x000001ce30189e40 Uncommon trap: reason=class_check action=maybe_recompile pc=0x000001ce1e0719a0 method=java.util.Collections$SetFromMap.remove(Ljava/lang/Object;)Z @ 5 c2
Event: 32.767 Thread 0x000001ce30189e40 DEOPT PACKING pc=0x000001ce1e0719a0 sp=0x00000076a34f9500
Event: 32.767 Thread 0x000001ce30189e40 DEOPT UNPACKING pc=0x000001ce1d9643a2 sp=0x00000076a34f94f8 mode 2

Classes loaded (20 events):
Event: 28.629 Loading class jdk/internal/reflect/ClassDefiner$1
Event: 28.630 Loading class jdk/internal/reflect/ClassDefiner$1 done
Event: 28.630 Loading class jdk/internal/reflect/SerializationConstructorAccessorImpl
Event: 28.630 Loading class jdk/internal/reflect/SerializationConstructorAccessorImpl done
Event: 28.681 Loading class java/nio/channels/Channels
Event: 28.681 Loading class java/nio/channels/Channels done
Event: 28.681 Loading class sun/nio/ch/Streams
Event: 28.681 Loading class sun/nio/ch/Streams done
Event: 28.681 Loading class sun/nio/ch/ChannelInputStream
Event: 28.681 Loading class sun/nio/ch/ChannelInputStream done
Event: 32.771 Loading class java/lang/StackTraceElement$HashedModules
Event: 32.772 Loading class java/lang/StackTraceElement$HashedModules done
Event: 32.776 Loading class java/util/logging/LogRecord
Event: 33.783 Loading class java/util/logging/LogRecord done
Event: 33.799 Loading class java/time/Clock
Event: 33.799 Loading class java/time/InstantSource
Event: 33.800 Loading class java/time/InstantSource done
Event: 33.800 Loading class java/time/Clock done
Event: 33.811 Loading class java/util/HashMap$EntrySpliterator
Event: 33.811 Loading class java/util/HashMap$EntrySpliterator done

Classes unloaded (0 events):
No events

Classes redefined (0 events):
No events

Internal exceptions (20 events):
Event: 28.636 Thread 0x000001ce30189e40 Exception <a 'java/lang/NoSuchMethodError'{0x0000000082b03b50}: 'java.lang.Object java.lang.invoke.DirectMethodHandle$Holder.invokeSpecial(java.lang.Object, java.lang.Object, java.lang.Object, java.lang.Object, java.lang.Object, int, java.lang.Object)'> (0x0000000082b03b50) 
thrown [s\src\hotspot\share\interpreter\linkResolver.cpp, line 784]
Event: 28.636 Thread 0x000001ce30189e40 Exception <a 'java/lang/NoSuchMethodError'{0x0000000082b08178}: 'java.lang.Object java.lang.invoke.Invokers$Holder.linkToTargetMethod(java.lang.Object, java.lang.Object, java.lang.Object, int, java.lang.Object, java.lang.Object)'> (0x0000000082b08178) 
thrown [s\src\hotspot\share\interpreter\linkResolver.cpp, line 784]
Event: 28.669 Thread 0x000001ce304c1370 Exception <a 'sun/nio/fs/WindowsException'{0x00000000829216a0}> (0x00000000829216a0) 
thrown [s\src\hotspot\share\prims\jni.cpp, line 537]
Event: 28.672 Thread 0x000001ce304c1a00 Exception <a 'sun/nio/fs/WindowsException'{0x00000000829091e8}> (0x00000000829091e8) 
thrown [s\src\hotspot\share\prims\jni.cpp, line 537]
Event: 28.676 Thread 0x000001ce304c2720 Exception <a 'sun/nio/fs/WindowsException'{0x0000000082950920}> (0x0000000082950920) 
thrown [s\src\hotspot\share\prims\jni.cpp, line 537]
Event: 28.677 Thread 0x000001ce304c2db0 Exception <a 'sun/nio/fs/WindowsException'{0x000000008298aa70}> (0x000000008298aa70) 
thrown [s\src\hotspot\share\prims\jni.cpp, line 537]
Event: 29.694 Thread 0x000001ce30189e40 Exception <a 'java/lang/OutOfMemoryError'{0x0000000082700038}: unable to create native thread: possibly out of memory or process/resource limits reached> (0x0000000082700038) 
thrown [s\src\hotspot\share\prims\jvm.cpp, line 3032]
Event: 29.702 Thread 0x000001ce30189e40 Exception <a 'java/lang/NoSuchMethodError'{0x000000008fdfeee8}: 'java.lang.Object java.lang.invoke.DirectMethodHandle$Holder.invokeSpecialIFC(java.lang.Object, java.lang.Object, java.lang.Object)'> (0x000000008fdfeee8) 
thrown [s\src\hotspot\share\interpreter\linkResolver.cpp, line 784]
Event: 29.706 Thread 0x000001ce2ae876c0 Exception <a 'sun/nio/fs/WindowsException'{0x000000008658aae0}> (0x000000008658aae0) 
thrown [s\src\hotspot\share\prims\jni.cpp, line 537]
Event: 31.734 Thread 0x000001ce2ae89790 Exception <a 'sun/nio/fs/WindowsException'{0x000000008643e478}> (0x000000008643e478) 
thrown [s\src\hotspot\share\prims\jni.cpp, line 537]
Event: 31.736 Thread 0x000001ce2ae88a70 Exception <a 'sun/nio/fs/WindowsException'{0x000000008659df20}> (0x000000008659df20) 
thrown [s\src\hotspot\share\prims\jni.cpp, line 537]
Event: 31.739 Thread 0x000001ce2ae89100 Exception <a 'sun/nio/fs/WindowsException'{0x00000000865d5670}> (0x00000000865d5670) 
thrown [s\src\hotspot\share\prims\jni.cpp, line 537]
Event: 31.739 Thread 0x000001ce2ae87d50 Exception <a 'sun/nio/fs/WindowsException'{0x00000000865b1160}> (0x00000000865b1160) 
thrown [s\src\hotspot\share\prims\jni.cpp, line 537]
Event: 31.740 Thread 0x000001ce2ae883e0 Exception <a 'sun/nio/fs/WindowsException'{0x00000000865c4158}> (0x00000000865c4158) 
thrown [s\src\hotspot\share\prims\jni.cpp, line 537]
Event: 33.027 Thread 0x000001ce30408f00 Exception <a 'sun/nio/fs/WindowsException'{0x0000000086008388}> (0x0000000086008388) 
thrown [s\src\hotspot\share\prims\jni.cpp, line 537]
Event: 33.806 Thread 0x000001ce30189e40 Exception <a 'sun/nio/fs/WindowsException'{0x00000000863ffd78}> (0x00000000863ffd78) 
thrown [s\src\hotspot\share\prims\jni.cpp, line 537]
Event: 33.808 Thread 0x000001ce30189e40 Exception <a 'java/lang/NoSuchMethodError'{0x0000000086044b38}: 'void java.lang.invoke.DirectMethodHandle$Holder.invokeInterface(java.lang.Object, java.lang.Object, java.lang.Object, int)'> (0x0000000086044b38) 
thrown [s\src\hotspot\share\interpreter\linkResolver.cpp, line 784]
Event: 33.809 Thread 0x000001ce30189e40 Exception <a 'java/lang/IncompatibleClassChangeError'{0x00000000860486b0}: Found class java.lang.Object, but interface was expected> (0x00000000860486b0) 
thrown [s\src\hotspot\share\interpreter\linkResolver.cpp, line 851]
Event: 33.811 Thread 0x000001ce30189e40 Exception <a 'sun/nio/fs/WindowsException'{0x000000008606e7e8}> (0x000000008606e7e8) 
thrown [s\src\hotspot\share\prims\jni.cpp, line 537]
Event: 33.823 Thread 0x000001ce30189e40 Exception <a 'java/lang/NoSuchMethodError'{0x00000000860e95e0}: 'void java.lang.invoke.DirectMethodHandle$Holder.invokeStatic(java.lang.Object, int, java.lang.Object)'> (0x00000000860e95e0) 
thrown [s\src\hotspot\share\interpreter\linkResolver.cpp, line 784]

ZGC Phase Switch (0 events):
No events

VM Operations (20 events):
Event: 25.699 Executing VM operation: HandshakeAllThreads (Deoptimize) done
Event: 25.874 Executing VM operation: HandshakeAllThreads (Deoptimize)
Event: 25.874 Executing VM operation: HandshakeAllThreads (Deoptimize) done
Event: 25.887 Executing VM operation: HandshakeAllThreads (Deoptimize)
Event: 25.887 Executing VM operation: HandshakeAllThreads (Deoptimize) done
Event: 26.893 Executing VM operation: Cleanup
Event: 26.893 Executing VM operation: Cleanup done
Event: 27.898 Executing VM operation: Cleanup
Event: 27.898 Executing VM operation: Cleanup done
Event: 28.686 Executing VM operation: G1CollectForAllocation (G1 Evacuation Pause)
Event: 29.694 Executing VM operation: G1CollectForAllocation (G1 Evacuation Pause) done
Event: 30.709 Executing VM operation: Cleanup
Event: 31.731 Executing VM operation: Cleanup done
Event: 32.733 Executing VM operation: Cleanup
Event: 32.764 Executing VM operation: Cleanup done
Event: 32.767 Executing VM operation: HandshakeAllThreads (Deoptimize)
Event: 32.767 Executing VM operation: HandshakeAllThreads (Deoptimize) done
Event: 33.768 Executing VM operation: Cleanup
Event: 33.798 Executing VM operation: Cleanup done
Event: 34.801 Executing VM operation: Cleanup

Memory protections (0 events):
No events

Nmethod flushes (20 events):
Event: 20.151 Thread 0x000001ce2ab3f4d0 flushing  nmethod 0x000001ce16585d10
Event: 20.151 Thread 0x000001ce2ab3f4d0 flushing  nmethod 0x000001ce1658a790
Event: 20.151 Thread 0x000001ce2ab3f4d0 flushing  nmethod 0x000001ce1658e990
Event: 20.151 Thread 0x000001ce2ab3f4d0 flushing  nmethod 0x000001ce165b3a90
Event: 20.151 Thread 0x000001ce2ab3f4d0 flushing  nmethod 0x000001ce165bca10
Event: 20.151 Thread 0x000001ce2ab3f4d0 flushing  nmethod 0x000001ce165bed10
Event: 20.151 Thread 0x000001ce2ab3f4d0 flushing  nmethod 0x000001ce165fc510
Event: 20.151 Thread 0x000001ce2ab3f4d0 flushing  nmethod 0x000001ce1662f710
Event: 20.151 Thread 0x000001ce2ab3f4d0 flushing  nmethod 0x000001ce16631390
Event: 20.151 Thread 0x000001ce2ab3f4d0 flushing  nmethod 0x000001ce16632510
Event: 20.151 Thread 0x000001ce2ab3f4d0 flushing  nmethod 0x000001ce166c6610
Event: 20.151 Thread 0x000001ce2ab3f4d0 flushing  nmethod 0x000001ce1defc110
Event: 20.151 Thread 0x000001ce2ab3f4d0 flushing  nmethod 0x000001ce1defca90
Event: 20.151 Thread 0x000001ce2ab3f4d0 flushing  nmethod 0x000001ce1defea90
Event: 20.151 Thread 0x000001ce2ab3f4d0 flushing osr nmethod 0x000001ce1deff790
Event: 20.151 Thread 0x000001ce2ab3f4d0 flushing  nmethod 0x000001ce1df02a10
Event: 20.151 Thread 0x000001ce2ab3f4d0 flushing  nmethod 0x000001ce1df03890
Event: 20.151 Thread 0x000001ce2ab3f4d0 flushing osr nmethod 0x000001ce1df2c310
Event: 20.151 Thread 0x000001ce2ab3f4d0 flushing  nmethod 0x000001ce1df30010
Event: 20.151 Thread 0x000001ce2ab3f4d0 flushing  nmethod 0x000001ce1df32110

Events (20 events):
Event: 23.606 Thread 0x000001ce303d0c50 Thread exited: 0x000001ce303d0c50
Event: 23.654 Thread 0x000001ce30189e40 Thread added: 0x000001ce304c3ad0
Event: 23.991 Thread 0x000001ce30189e40 Thread added: 0x000001ce304c4160
Event: 24.159 Thread 0x000001ce2abb14a0 Thread added: 0x000001ce303d42d0
Event: 25.036 Thread 0x000001ce303d42d0 Thread exited: 0x000001ce303d42d0
Event: 25.307 Thread 0x000001ce30189e40 Thread added: 0x000001ce304c3440
Event: 28.663 Thread 0x000001ce30189e40 Thread added: 0x000001ce304c1370
Event: 28.665 Thread 0x000001ce30189e40 Thread added: 0x000001ce304c1a00
Event: 28.667 Thread 0x000001ce30189e40 Thread added: 0x000001ce304c2720
Event: 28.673 Thread 0x000001ce30189e40 Thread added: 0x000001ce304c2db0
Event: 28.674 Thread 0x000001ce30189e40 Thread added: 0x000001ce2ae87030
Event: 29.703 Thread 0x000001ce30189e40 Thread added: 0x000001ce2ae876c0
Event: 29.703 Thread 0x000001ce30189e40 Thread added: 0x000001ce2ae88a70
Event: 29.704 Thread 0x000001ce30189e40 Thread added: 0x000001ce2ae87d50
Event: 29.704 Thread 0x000001ce30189e40 Thread added: 0x000001ce2ae883e0
Event: 29.704 Thread 0x000001ce30189e40 Thread added: 0x000001ce2ae89100
Event: 30.709 Thread 0x000001ce30189e40 Thread added: 0x000001ce2ae89790
Event: 31.733 Thread 0x000001ce30189e40 Thread added: 0x000001ce2ae86310
Event: 33.826 Thread 0x000001ce2abb14a0 Thread added: 0x000001ce303d20c0
Event: 33.827 Thread 0x000001ce2abb14a0 Thread added: 0x000001ce303d2790


Dynamic libraries:
0x00007ff781b00000 - 0x00007ff781b0a000 	C:\Program Files\Android\Android Studio\jbr\bin\java.exe
0x00007ffc96d80000 - 0x00007ffc96fe7000 	C:\WINDOWS\SYSTEM32\ntdll.dll
0x00007ffc96240000 - 0x00007ffc96309000 	C:\WINDOWS\System32\KERNEL32.DLL
0x00007ffc942b0000 - 0x00007ffc946a4000 	C:\WINDOWS\System32\KERNELBASE.dll
0x00007ffc946b0000 - 0x00007ffc947fb000 	C:\WINDOWS\System32\ucrtbase.dll
0x00007ffc45080000 - 0x00007ffc45098000 	C:\Program Files\Android\Android Studio\jbr\bin\jli.dll
0x00007ffc951f0000 - 0x00007ffc953b5000 	C:\WINDOWS\System32\USER32.dll
0x00007ffc94970000 - 0x00007ffc94997000 	C:\WINDOWS\System32\win32u.dll
0x00007ffc95180000 - 0x00007ffc951ab000 	C:\WINDOWS\System32\GDI32.dll
0x00007ffc93650000 - 0x00007ffc9377a000 	C:\WINDOWS\System32\gdi32full.dll
0x00007ffc94800000 - 0x00007ffc948a3000 	C:\WINDOWS\System32\msvcp_win.dll
0x00007ffc79de0000 - 0x00007ffc7a073000 	C:\WINDOWS\WinSxS\amd64_microsoft.windows.common-controls_6595b64144ccf1df_6.0.26100.8115_none_3e075c82e3354f9c\COMCTL32.dll
0x00007ffc950d0000 - 0x00007ffc95179000 	C:\WINDOWS\System32\msvcrt.dll
0x00007ffc7de50000 - 0x00007ffc7de6b000 	C:\Program Files\Android\Android Studio\jbr\bin\VCRUNTIME140.dll
0x00007ffc951b0000 - 0x00007ffc951e2000 	C:\WINDOWS\System32\IMM32.DLL
0x00007ffc7de70000 - 0x00007ffc7de7c000 	C:\Program Files\Android\Android Studio\jbr\bin\vcruntime140_1.dll
0x00007ffbabf20000 - 0x00007ffbabfad000 	C:\Program Files\Android\Android Studio\jbr\bin\msvcp140.dll
0x00007ffb958e0000 - 0x00007ffb96576000 	C:\Program Files\Android\Android Studio\jbr\bin\server\jvm.dll
0x00007ffc94b10000 - 0x00007ffc94bc6000 	C:\WINDOWS\System32\ADVAPI32.dll
0x00007ffc94bd0000 - 0x00007ffc94c77000 	C:\WINDOWS\System32\sechost.dll
0x00007ffc953f0000 - 0x00007ffc95508000 	C:\WINDOWS\System32\RPCRT4.dll
0x00007ffc95040000 - 0x00007ffc950c0000 	C:\WINDOWS\System32\WS2_32.dll
0x00007ffc93400000 - 0x00007ffc9345e000 	C:\WINDOWS\SYSTEM32\POWRPROF.dll
0x00007ffc89040000 - 0x00007ffc89076000 	C:\WINDOWS\SYSTEM32\WINMM.dll
0x00007ffc8d490000 - 0x00007ffc8d49b000 	C:\WINDOWS\SYSTEM32\VERSION.dll
0x00007ffc933e0000 - 0x00007ffc933f4000 	C:\WINDOWS\SYSTEM32\UMPDC.dll
0x00007ffc923a0000 - 0x00007ffc923bb000 	C:\WINDOWS\SYSTEM32\kernel.appcore.dll
0x00007ffc7da50000 - 0x00007ffc7da5a000 	C:\Program Files\Android\Android Studio\jbr\bin\jimage.dll
0x00007ffc7ed20000 - 0x00007ffc7ef62000 	C:\WINDOWS\SYSTEM32\DBGHELP.DLL
0x00007ffc96310000 - 0x00007ffc96692000 	C:\WINDOWS\System32\combase.dll
0x00007ffc94f50000 - 0x00007ffc95027000 	C:\WINDOWS\System32\OLEAUT32.dll
0x00007ffc790c0000 - 0x00007ffc790fb000 	C:\WINDOWS\SYSTEM32\dbgcore.DLL
0x00007ffc93990000 - 0x00007ffc93a35000 	C:\WINDOWS\System32\bcryptPrimitives.dll
0x00007ffc48460000 - 0x00007ffc4846e000 	C:\Program Files\Android\Android Studio\jbr\bin\instrument.dll
0x00007ffc7bea0000 - 0x00007ffc7bec0000 	C:\Program Files\Android\Android Studio\jbr\bin\java.dll
0x00007ffc78230000 - 0x00007ffc78248000 	C:\Program Files\Android\Android Studio\jbr\bin\zip.dll
0x00007ffc95510000 - 0x00007ffc95c76000 	C:\WINDOWS\System32\SHELL32.dll
0x00007ffc949a0000 - 0x00007ffc94b0a000 	C:\WINDOWS\System32\wintypes.dll
0x00007ffc93a40000 - 0x00007ffc942a5000 	C:\WINDOWS\System32\windows.storage.dll
0x00007ffc96a20000 - 0x00007ffc96b17000 	C:\WINDOWS\System32\SHCORE.dll
0x00007ffc96cd0000 - 0x00007ffc96d36000 	C:\WINDOWS\System32\shlwapi.dll
0x00007ffc93570000 - 0x00007ffc93599000 	C:\WINDOWS\SYSTEM32\profapi.dll
0x00007ffc7d220000 - 0x00007ffc7d230000 	C:\Program Files\Android\Android Studio\jbr\bin\net.dll
0x00007ffc8d890000 - 0x00007ffc8d9bd000 	C:\WINDOWS\SYSTEM32\WINHTTP.dll
0x00007ffc928f0000 - 0x00007ffc9295c000 	C:\WINDOWS\system32\mswsock.dll
0x00007ffc78210000 - 0x00007ffc78226000 	C:\Program Files\Android\Android Studio\jbr\bin\nio.dll
0x00007ffc69650000 - 0x00007ffc69660000 	C:\Program Files\Android\Android Studio\jbr\bin\verify.dll
0x00007ffc4fc00000 - 0x00007ffc4fc27000 	C:\Users\joseg\.gradle\native\660c5614fbf4a5f2a75b1949f50a0caf5cd603558e7d8a26e50b933a0cfb79d1\windows-amd64\native-platform.dll
0x00007ffb9adb0000 - 0x00007ffb9ae27000 	C:\Users\joseg\.gradle\native\0.2.8\x86_64-windows-gnu\gradle-fileevents.dll
0x00007ffc6dba0000 - 0x00007ffc6dba9000 	C:\Program Files\Android\Android Studio\jbr\bin\management.dll
0x00007ffc6c5c0000 - 0x00007ffc6c5cb000 	C:\Program Files\Android\Android Studio\jbr\bin\management_ext.dll
0x00007ffc95030000 - 0x00007ffc95038000 	C:\WINDOWS\System32\PSAPI.DLL
0x00007ffc91ca0000 - 0x00007ffc91cd2000 	C:\WINDOWS\SYSTEM32\IPHLPAPI.DLL
0x00007ffc96cc0000 - 0x00007ffc96cca000 	C:\WINDOWS\System32\NSI.dll
0x00007ffc77da0000 - 0x00007ffc77da9000 	C:\Program Files\Android\Android Studio\jbr\bin\extnet.dll
0x00007ffc92cf0000 - 0x00007ffc92d0b000 	C:\WINDOWS\SYSTEM32\CRYPTSP.dll
0x00007ffc92300000 - 0x00007ffc92339000 	C:\WINDOWS\system32\rsaenh.dll
0x00007ffc929a0000 - 0x00007ffc929d3000 	C:\WINDOWS\SYSTEM32\USERENV.dll
0x00007ffc93540000 - 0x00007ffc9356a000 	C:\WINDOWS\SYSTEM32\bcrypt.dll
0x00007ffc92b50000 - 0x00007ffc92b5c000 	C:\WINDOWS\SYSTEM32\CRYPTBASE.dll
0x00007ffc7bd90000 - 0x00007ffc7bd98000 	C:\WINDOWS\system32\wshunix.dll

JVMTI agents:
C:\Users\joseg\.gradle\wrapper\dists\gradle-9.3.1-bin\23ovyewtku6u96viwx3xl3oks\gradle-9.3.1\lib\agents\gradle-instrumentation-agent-9.3.1.jar path:C:\Program Files\Android\Android Studio\jbr\bin\instrument.dll, loaded, initialized, instrumentlib options:none

dbghelp: loaded successfully - version: 4.0.5 - missing functions: none
symbol engine: initialized successfully - sym options: 0x614 - pdb path: .;C:\Program Files\Android\Android Studio\jbr\bin;C:\WINDOWS\SYSTEM32;C:\WINDOWS\WinSxS\amd64_microsoft.windows.common-controls_6595b64144ccf1df_6.0.26100.8115_none_3e075c82e3354f9c;C:\Program Files\Android\Android Studio\jbr\bin\server;C:\Users\joseg\.gradle\native\660c5614fbf4a5f2a75b1949f50a0caf5cd603558e7d8a26e50b933a0cfb79d1\windows-amd64;C:\Users\joseg\.gradle\native\0.2.8\x86_64-windows-gnu

VM Arguments:
jvm_args: --add-opens=java.base/java.lang=ALL-UNNAMED --add-opens=java.base/java.lang.invoke=ALL-UNNAMED --add-opens=java.base/java.util=ALL-UNNAMED --add-opens=java.prefs/java.util.prefs=ALL-UNNAMED --add-exports=jdk.compiler/com.sun.tools.javac.api=ALL-UNNAMED --add-exports=jdk.compiler/com.sun.tools.javac.util=ALL-UNNAMED --add-opens=java.base/java.util=ALL-UNNAMED --add-opens=java.prefs/java.util.prefs=ALL-UNNAMED --add-opens=java.base/java.nio.charset=ALL-UNNAMED --add-opens=java.base/java.net=ALL-UNNAMED --add-opens=java.base/java.util.concurrent=ALL-UNNAMED --add-opens=java.base/java.util.concurrent.atomic=ALL-UNNAMED --add-opens=java.xml/javax.xml.namespace=ALL-UNNAMED --add-opens=java.base/java.time=ALL-UNNAMED -Xmx2048m -Dfile.encoding=UTF-8 -Duser.country=ES -Duser.language=es -Duser.variant -javaagent:C:\Users\joseg\.gradle\wrapper\dists\gradle-9.3.1-bin\23ovyewtku6u96viwx3xl3oks\gradle-9.3.1\lib\agents\gradle-instrumentation-agent-9.3.1.jar 
java_command: org.gradle.launcher.daemon.bootstrap.GradleDaemon 9.3.1
java_class_path (initial): C:\Users\joseg\.gradle\wrapper\dists\gradle-9.3.1-bin\23ovyewtku6u96viwx3xl3oks\gradle-9.3.1\lib\gradle-daemon-main-9.3.1.jar
Launcher Type: SUN_STANDARD

[Global flags]
     intx CICompilerCount                          = 4                                         {product} {ergonomic}
     uint ConcGCThreads                            = 2                                         {product} {ergonomic}
     uint G1ConcRefinementThreads                  = 8                                         {product} {ergonomic}
   size_t G1HeapRegionSize                         = 1048576                                   {product} {ergonomic}
    uintx GCDrainStackTargetSize                   = 64                                        {product} {ergonomic}
   size_t InitialHeapSize                          = 266338304                                 {product} {ergonomic}
   size_t MarkStackSize                            = 4194304                                   {product} {ergonomic}
   size_t MaxHeapSize                              = 2147483648                                {product} {command line}
   size_t MaxNewSize                               = 1287651328                                {product} {ergonomic}
   size_t MinHeapDeltaBytes                        = 1048576                                   {product} {ergonomic}
   size_t MinHeapSize                              = 8388608                                   {product} {ergonomic}
    uintx NonNMethodCodeHeapSize                   = 5839372                                {pd product} {ergonomic}
    uintx NonProfiledCodeHeapSize                  = 122909434                              {pd product} {ergonomic}
    uintx ProfiledCodeHeapSize                     = 122909434                              {pd product} {ergonomic}
    uintx ReservedCodeCacheSize                    = 251658240                              {pd product} {ergonomic}
     bool SegmentedCodeCache                       = true                                      {product} {ergonomic}
   size_t SoftMaxHeapSize                          = 2147483648                             {manageable} {ergonomic}
     bool UseCompressedOops                        = true                           {product lp64_product} {ergonomic}
     bool UseG1GC                                  = true                                      {product} {ergonomic}
     bool UseLargePagesIndividualAllocation        = false                                  {pd product} {ergonomic}

Logging:
Log output configuration:
 #0: stdout all=warning uptime,level,tags foldmultilines=false
 #1: stderr all=off uptime,level,tags foldmultilines=false

Release file:
JAVA_VERSION="21.0.9" 
MODULES="java.base java.compiler java.datatransfer java.xml java.prefs java.desktop java.instrument java.logging java.management java.security.sasl java.naming java.rmi java.management.rmi java.net.http java.scripting java.security.jgss java.transaction.xa java.sql java.sql.rowset java.xml.crypto java.se java.smartcardio jdk.accessibility jdk.internal.jvmstat jdk.attach jdk.charsets jdk.internal.opt jdk.zipfs jdk.compiler jdk.crypto.ec jdk.crypto.cryptoki jdk.dynalink jdk.hotspot.agent jdk.httpserver jdk.internal.ed jdk.internal.le jdk.internal.vm.ci jdk.jartool jdk.javadoc jdk.jcmd jdk.jdeps jdk.jdwp.agent jdk.jdi jdk.jfr jdk.jlink jdk.jsobject jdk.localedata jdk.management jdk.management.agent jdk.management.jfr jdk.naming.dns jdk.naming.rmi jdk.net jdk.sctp jdk.security.auth jdk.security.jgss jdk.unsupported jdk.unsupported.desktop jdk.xml.dom" 
IMPLEMENTOR="JetBrains s.r.o." 
JAVA_RUNTIME_VERSION="21.0.9+-14787801-b1163.94" 
LIBC="default" 
OS_ARCH="x86_64" 
OS_NAME="Windows" 
SOURCE=".:git:0c757ddc9f2f" 

Environment Variables:
PATH=C:\app\joseg\product\21c\dbhomeXE\bin;C:\Program Files\Common Files\Oracle\Java\javapath;C:\WINDOWS\system32;C:\WINDOWS;C:\WINDOWS\System32\Wbem;C:\WINDOWS\System32\WindowsPowerShell\v1.0\;C:\WINDOWS\System32\OpenSSH\;C:\Program Files (x86)\NVIDIA Corporation\PhysX\Common;C:\Program Files\Git\cmd;C:\Program Files\NVIDIA Corporation\NVIDIA NvDLISR;C:\Program Files (x86)\BaseX\bin;C:\Program Files\nodejs\;C:\Program Files\dotnet\;C:\Program Files\Docker\Docker\resources\bin;C:\Users\joseg\AppData\Local\Programs\Python\Python313\Scripts\;C:\Users\joseg\AppData\Local\Programs\Python\Python313\;C:\Users\joseg\AppData\Local\Microsoft\WindowsApps;C:\Users\joseg\AppData\Local\Programs\Microsoft VS Code\bin;C:\Users\joseg\AppData\Roaming\npm;C:\Users\joseg\AppData\Local\GitHubDesktop\bin
USERNAME=Josico
OS=Windows_NT
PROCESSOR_IDENTIFIER=Intel64 Family 6 Model 151 Stepping 5, GenuineIntel
TMP=C:\Users\joseg\AppData\Local\Temp
TEMP=C:\Users\joseg\AppData\Local\Temp




Periodic native trim disabled

JNI global refs:
JNI global refs: 27, weak refs: 1

JNI global refs memory usage: 835, weak refs: 833

Process memory usage:
Resident Set Size: 235944K (1% of 16586160K total physical memory with 1948584K free physical memory)

OOME stack traces (most recent first):
Classloader memory used:
Loader org.gradle.internal.classloader.VisitableURLClassLoader                         : 27472K
Loader bootstrap                                                                       : 21077K
Loader org.gradle.initialization.MixInLegacyTypesClassLoader                           : 6372K
Loader jdk.internal.loader.ClassLoaders$AppClassLoader                                 : 229K
Loader jdk.internal.loader.ClassLoaders$PlatformClassLoader                            : 164K
Loader org.gradle.groovy.scripts.internal.DefaultScriptCompilationHandler$ScriptClassLoader: 30504B
Loader jdk.internal.reflect.DelegatingClassLoader                                      : 7072B

Classes loaded by more than one classloader:
Class org.gradle.internal.classloader.FilteringClassLoader                            : loaded 2 times (x 105B)
Class org.gradle.internal.classloader.ClassLoaderHierarchy                            : loaded 2 times (x 70B)
Class org.gradle.api.internal.classpath.ManifestUtil                                  : loaded 2 times (x 71B)
Class org.gradle.internal.classloader.DefaultClassLoaderFactory                       : loaded 2 times (x 82B)
Class org.gradle.internal.classloader.ClassLoaderVisitor                              : loaded 2 times (x 76B)
Class org.gradle.api.internal.classpath.EffectiveClassPath                            : loaded 2 times (x 90B)
Class org.gradle.api.internal.DefaultClassPathProvider                                : loaded 2 times (x 76B)
Class [Lorg.gradle.api.internal.ClassPathProvider;                                    : loaded 2 times (x 69B)
Class org.gradle.api.internal.ClassPathProvider                                       : loaded 2 times (x 70B)
Class org.gradle.internal.service.UnknownServiceException                             : loaded 2 times (x 83B)
Class org.gradle.internal.classpath.TransformedClassPath                              : loaded 2 times (x 96B)
Class org.gradle.internal.classloader.InstrumentingClassLoader                        : loaded 2 times (x 70B)
Class org.gradle.internal.service.ServiceLocator                                      : loaded 2 times (x 70B)
Class org.gradle.internal.classloader.ClasspathUtil$1                                 : loaded 2 times (x 76B)
Class org.gradle.api.internal.classpath.DefaultModuleRegistry$DefaultModule           : loaded 2 times (x 86B)
Class org.gradle.api.internal.classpath.Module                                        : loaded 2 times (x 70B)
Class org.gradle.api.internal.classpath.UnknownModuleException                        : loaded 2 times (x 82B)
Class org.gradle.api.internal.DefaultClassPathRegistry                                : loaded 2 times (x 76B)
Class org.gradle.api.internal.ClassPathRegistry                                       : loaded 2 times (x 70B)
Class org.gradle.internal.classpath.DefaultClassPath$ImmutableUniqueList              : loaded 2 times (x 199B)
Class org.gradle.internal.classpath.ClassPath                                         : loaded 2 times (x 70B)
Class org.gradle.api.internal.classpath.ModuleRegistry                                : loaded 2 times (x 70B)
Class org.gradle.internal.installation.GradleInstallation$1                           : loaded 2 times (x 75B)
Class org.gradle.api.internal.classpath.DefaultModuleRegistry                         : loaded 2 times (x 86B)
Class org.gradle.internal.service.ServiceLookupException                              : loaded 2 times (x 82B)
Class org.gradle.internal.classloader.ClassLoaderFactory                              : loaded 2 times (x 70B)
Class org.gradle.internal.service.CachingServiceLocator                               : loaded 2 times (x 82B)
Class org.gradle.internal.classloader.ClasspathUtil                                   : loaded 2 times (x 71B)
Class org.gradle.api.specs.Spec                                                       : loaded 2 times (x 70B)
Class org.gradle.internal.classloader.VisitableURLClassLoader$InstrumentingVisitableURLClassLoader: loaded 2 times (x 123B)
Class org.gradle.internal.classloader.VisitableURLClassLoader$Spec                    : loaded 2 times (x 74B)
Class org.gradle.internal.classpath.DefaultClassPath                                  : loaded 2 times (x 90B)
Class org.gradle.internal.classloader.ClassLoaderSpec                                 : loaded 2 times (x 71B)
Class org.gradle.internal.classloader.VisitableURLClassLoader                         : loaded 2 times (x 117B)
Class org.gradle.internal.Cast                                                        : loaded 2 times (x 71B)
Class org.gradle.api.Action                                                           : loaded 2 times (x 70B)
Class org.gradle.internal.classpath.DefaultClassPath$ImmutableUniqueList$Builder      : loaded 2 times (x 75B)
Class org.gradle.api.GradleException                                                  : loaded 2 times (x 82B)
Class org.gradle.internal.IoActions                                                   : loaded 2 times (x 71B)
Class org.gradle.internal.classloader.SystemClassLoaderSpec                           : loaded 2 times (x 71B)
Class org.gradle.api.internal.classpath.GlobalCacheRootsProvider                      : loaded 2 times (x 70B)
Class org.gradle.internal.installation.CurrentGradleInstallationLocator               : loaded 2 times (x 71B)
Class org.gradle.internal.service.DefaultServiceLocator                               : loaded 2 times (x 83B)
Class org.gradle.internal.installation.CurrentGradleInstallation                      : loaded 2 times (x 73B)
Class org.gradle.util.internal.GUtil                                                  : loaded 2 times (x 71B)
Class org.gradle.internal.installation.GradleInstallation                             : loaded 2 times (x 75B)

---------------  S Y S T E M  ---------------

OS:
 Windows 11 , 64 bit Build 26100 (10.0.26100.8115)
OS uptime: 0 days 7:20 hours
Hyper-V role detected

CPU: total 8 (initial active 8) (4 cores per cpu, 2 threads per core) family 6 model 151 stepping 5 microcode 0x34, cx8, cmov, fxsr, ht, mmx, 3dnowpref, sse, sse2, sse3, ssse3, sse4.1, sse4.2, popcnt, lzcnt, tsc, tscinvbit, avx, avx2, aes, erms, clmul, bmi1, bmi2, adx, sha, fma, vzeroupper, clflush, clflushopt, clwb, hv, serialize, rdtscp, rdpid, fsrm, f16c, cet_ibt, cet_ss
Processor Information for the first 8 processors :
  Max Mhz: 3300, Current Mhz: 3300, Mhz Limit: 3300

Memory: 4k page, system-wide physical 16197M (1902M free)
TotalPageFile size 32581M (AvailPageFile size 2M)
current process WorkingSet (physical memory assigned to process): 230M, peak: 257M
current process commit charge ("private bytes"): 273M, peak: 384M

vm_info: OpenJDK 64-Bit Server VM (21.0.9+-14787801-b1163.94) for windows-amd64 JRE (21.0.9+-14787801-b1163.94), built on 2026-01-27T21:15:44Z by "builder" with MS VC++ 16.10 / 16.11 (VS2019)

END.
